// Jest Snapshot v1, https://goo.gl/fbAQLP

exports[`Link renders correctly 1`] = `
<div
  className="sc-bdnylx cXkIXg"
>
  <div
    className="sc-gtssRu lcfinl"
  >
    @ 2018
  </div>
  <div
    className="sc-dlnjPT jcaarp"
  >
    <div
      className="sc-hKFyIo sc-eCApGN korkGl fNCqQY"
    >
      <a
        className="sc-jSFkmK ijdGrI"
        href="https://cultist-tp.tistory.com/"
        target="_blank"
      >
        <svg
          fill="currentColor"
          height={20}
          size={20}
          stroke="currentColor"
          strokeWidth="0"
          style={
            Object {
              "color": undefined,
            }
          }
          viewBox="0 0 16 16"
          width={20}
          xmlns="http://www.w3.org/2000/svg"
        >
          <path
            d="M3 5h4v1H3V5zm0 3h4V7H3v1zm0 2h4V9H3v1zm11-5h-4v1h4V5zm0 2h-4v1h4V7zm0 2h-4v1h4V9zm2-6v9c0 .55-.45 1-1 1H9.5l-1 1-1-1H2c-.55 0-1-.45-1-1V3c0-.55.45-1 1-1h5.5l1 1 1-1H15c.55 0 1 .45 1 1zm-8 .5L7.5 3H2v9h6V3.5zm7-.5H9.5l-.5.5V12h6V3z"
            fillRule="evenodd"
          />
        </svg>
      </a>
    </div>
    <div
      className="sc-hKFyIo korkGl"
    >
      <a
        className="sc-jSFkmK ijdGrI"
        href="https://github.com/BoBeenLee"
        target="_blank"
      >
        <svg
          fill="currentColor"
          height={20}
          size={20}
          stroke="currentColor"
          strokeWidth="0"
          style={
            Object {
              "color": undefined,
            }
          }
          viewBox="0 0 16 16"
          width={20}
          xmlns="http://www.w3.org/2000/svg"
        >
          <path
            d="M14.7 5.34c.13-.32.55-1.59-.13-3.31 0 0-1.05-.33-3.44 1.3-1-.28-2.07-.32-3.13-.32s-2.13.04-3.13.32c-2.39-1.64-3.44-1.3-3.44-1.3-.68 1.72-.26 2.99-.13 3.31C.49 6.21 0 7.33 0 8.69 0 13.84 3.33 15 7.98 15S16 13.84 16 8.69c0-1.36-.49-2.48-1.3-3.35zM8 14.02c-3.3 0-5.98-.15-5.98-3.35 0-.76.38-1.48 1.02-2.07 1.07-.98 2.9-.46 4.96-.46 2.07 0 3.88-.52 4.96.46.65.59 1.02 1.3 1.02 2.07 0 3.19-2.68 3.35-5.98 3.35zM5.49 9.01c-.66 0-1.2.8-1.2 1.78s.54 1.79 1.2 1.79c.66 0 1.2-.8 1.2-1.79s-.54-1.78-1.2-1.78zm5.02 0c-.66 0-1.2.79-1.2 1.78s.54 1.79 1.2 1.79c.66 0 1.2-.8 1.2-1.79s-.53-1.78-1.2-1.78z"
            fillRule="evenodd"
          />
        </svg>
      </a>
      <a
        className="sc-jSFkmK ijdGrI"
        href="mailto:globaldev@naver.com"
        target="_blank"
      >
        <svg
          fill="currentColor"
          height={20}
          size={20}
          stroke="currentColor"
          strokeWidth="0"
          style={
            Object {
              "color": undefined,
            }
          }
          viewBox="0 0 24 24"
          width={20}
          xmlns="http://www.w3.org/2000/svg"
        >
          <path
            d="M21 8V7l-3 2-3-2v1l3 2 3-2zm1-5H2C.9 3 0 3.9 0 5v14c0 1.1.9 2 2 2h20c1.1 0 1.99-.9 1.99-2L24 5c0-1.1-.9-2-2-2zM8 6c1.66 0 3 1.34 3 3s-1.34 3-3 3-3-1.34-3-3 1.34-3 3-3zm6 12H2v-1c0-2 4-3.1 6-3.1s6 1.1 6 3.1v1zm8-6h-8V6h8v6z"
          />
        </svg>
      </a>
    </div>
  </div>
</div>
`;
